[13:48:25] ============================================================
[13:48:25] STEP 1: DATA PREP
[13:48:25] ============================================================
[13:48:25] Found 27 CSV files
[13:48:25] Grouped into 22 symbol/timeframe combos:
[13:48:25]   AUDUSD_M1: 1 file(s)
[13:48:25]   AUDUSD_M5: 1 file(s)
[13:48:25]   CHFJPY_M1: 2 file(s)
[13:48:25]   CHFJPY_M5: 1 file(s)
[13:48:25]   DE30_M1: 1 file(s)
[13:48:25]   DE30_M5: 1 file(s)
[13:48:25]   EURUSD_M1: 1 file(s)
[13:48:25]   EURUSD_M5: 1 file(s)
[13:48:25]   FR40_M1: 1 file(s)
[13:48:25]   FR40_M5: 1 file(s)
[13:48:25]   GBPUSD_M1: 1 file(s)
[13:48:25]   GBPUSD_M5: 1 file(s)
[13:48:25]   NZDUSD_M1: 1 file(s)
[13:48:25]   NZDUSD_M5: 1 file(s)
[13:48:25]   US500_M1: 1 file(s)
[13:48:25]   US500_M5: 1 file(s)
[13:48:25]   USDCAD_M5: 1 file(s)
[13:48:25]   USDCHF_M1: 1 file(s)
[13:48:25]   USDCHF_M5: 1 file(s)
[13:48:25]   USDJPY_M1: 1 file(s)
[13:48:25]   USDJPY_M5: 1 file(s)
[13:48:25]   USTEC100_M1: 2 file(s)
[13:48:25] 
--- AUDUSD_M1 (1 files) ---
[13:53:46] ============================================================
[13:53:46] STEP 1: DATA PREP
[13:53:46] ============================================================
[13:53:46] Found 27 CSV files
[13:53:46] Grouped into 22 symbol/timeframe combos:
[13:53:46]   AUDUSD_M1: 1 file(s)
[13:53:46]   AUDUSD_M5: 1 file(s)
[13:53:46]   CHFJPY_M1: 2 file(s)
[13:53:46]   CHFJPY_M5: 1 file(s)
[13:53:46]   DE30_M1: 1 file(s)
[13:53:46]   DE30_M5: 1 file(s)
[13:53:46]   EURUSD_M1: 1 file(s)
[13:53:46]   EURUSD_M5: 1 file(s)
[13:53:46]   FR40_M1: 1 file(s)
[13:53:46]   FR40_M5: 1 file(s)
[13:53:46]   GBPUSD_M1: 1 file(s)
[13:53:46]   GBPUSD_M5: 1 file(s)
[13:53:46]   NZDUSD_M1: 1 file(s)
[13:53:46]   NZDUSD_M5: 1 file(s)
[13:53:46]   US500_M1: 1 file(s)
[13:53:46]   US500_M5: 1 file(s)
[13:53:46]   USDCAD_M5: 1 file(s)
[13:53:46]   USDCHF_M1: 1 file(s)
[13:53:46]   USDCHF_M5: 1 file(s)
[13:53:46]   USDJPY_M1: 1 file(s)
[13:53:46]   USDJPY_M5: 1 file(s)
[13:53:46]   USTEC100_M1: 2 file(s)
[13:53:46] 
--- AUDUSD_M1 (1 files) ---
[13:53:52]   ✗ AUDUSD!_M1_202301020000_202605061253.csv: parse failed
[13:53:52]   SKIP: no valid data
[13:53:52] 
--- AUDUSD_M5 (1 files) ---
[13:53:52]   ✗ AUDUSD!_M5_202301020000_202605061250.csv: parse failed
[13:53:52]   SKIP: no valid data
[13:53:52] 
--- CHFJPY_M1 (2 files) ---
[13:53:57]   ✗ CHFJPY!_M1_202201030000_202605061253.csv: parse failed
[13:54:01]   ✗ CHFJPY!_M1_202301020000_202605061253.csv: parse failed
[13:54:01]   SKIP: no valid data
[13:54:01] 
--- CHFJPY_M5 (1 files) ---
[13:54:02]   ✗ CHFJPY!_M5_202201030000_202605061250.csv: parse failed
[13:54:02]   SKIP: no valid data
[13:54:02] 
--- DE30_M1 (1 files) ---
[13:54:06]   ✗ DE30_M1_202306120637_202604302259.csv: parse failed
[13:54:06]   SKIP: no valid data
[13:54:06] 
--- DE30_M5 (1 files) ---
[13:54:07]   ✗ DE30_M5_202301020200_202604302255.csv: parse failed
[13:54:07]   SKIP: no valid data
[13:54:07] 
--- EURUSD_M1 (1 files) ---
[13:54:11]   ✗ EURUSD!_M1_202301020000_202605061253.csv: parse failed
[13:54:11]   SKIP: no valid data
[13:54:11] 
--- EURUSD_M5 (1 files) ---
[13:54:12]   ✗ EURUSD!_M5_202301020000_202605061250.csv: parse failed
[13:54:12]   SKIP: no valid data
[13:54:12] 
--- FR40_M1 (1 files) ---
[13:54:15]   ✗ FR40_M1_202302060154_202604302259.csv: parse failed
[13:54:15]   SKIP: no valid data
[13:54:15] 
--- FR40_M5 (1 files) ---
[13:54:16]   ✗ FR40_M5_202301020900_202604302255.csv: parse failed
[13:54:16]   SKIP: no valid data
[13:54:16] 
--- GBPUSD_M1 (1 files) ---
[13:54:20]   ✗ GBPUSD!_M1_202301020000_202605061253.csv: parse failed
[13:54:20]   SKIP: no valid data
[13:54:20] 
--- GBPUSD_M5 (1 files) ---
[13:54:21]   ✗ GBPUSD!_M5_202301020000_202605061250.csv: parse failed
[13:54:21]   SKIP: no valid data
[13:54:21] 
--- NZDUSD_M1 (1 files) ---
[13:54:25]   ✗ NZDUSD!_M1_202301020000_202605061253.csv: parse failed
[13:54:25]   SKIP: no valid data
[13:54:25] 
--- NZDUSD_M5 (1 files) ---
[13:54:26]   ✗ NZDUSD!_M5_202301020000_202605061250.csv: parse failed
[13:54:26]   SKIP: no valid data
[13:54:26] 
--- US500_M1 (1 files) ---
[13:54:29]   ✗ US500_M1_202307050935_202605011039.csv: parse failed
[13:54:29]   SKIP: no valid data
[13:54:29] 
--- US500_M5 (1 files) ---
[13:54:30]   ✗ US500_M5_202301030100_202605011035.csv: parse failed
[13:54:30]   SKIP: no valid data
[13:54:30] 
--- USDCAD_M5 (1 files) ---
[13:54:31]   ✗ USDCAD!_M5_202301020000_202605061250.csv: parse failed
[13:54:31]   SKIP: no valid data
[13:54:31] 
--- USDCHF_M1 (1 files) ---
[13:54:35]   ✗ USDCHF!_M1_202301020000_202605061253.csv: parse failed
[13:54:35]   SKIP: no valid data
[13:54:35] 
--- USDCHF_M5 (1 files) ---
[13:54:36]   ✗ USDCHF!_M5_202301020000_202605061250.csv: parse failed
[13:54:36]   SKIP: no valid data
[13:54:36] 
--- USDJPY_M1 (1 files) ---
[13:54:40]   ✗ USDJPY!_M1_202301020000_202605061253.csv: parse failed
[13:54:40]   SKIP: no valid data
[13:54:40] 
--- USDJPY_M5 (1 files) ---
[13:54:41]   ✗ USDJPY!_M5_202301020000_202605061250.csv: parse failed
[13:54:41]   SKIP: no valid data
[13:54:41] 
--- USTEC100_M1 (2 files) ---
[13:54:44]   ✗ USTEC100_M1_202307112053_202605122359.csv: parse failed
[13:54:46]   ✗ USTEC100_M1_202501020100_202605122359.csv: parse failed
[13:54:46]   SKIP: no valid data
[13:54:46] 
============================================================
[13:54:46] DONE: 0 datasets prepared
[13:54:46] Summary: C:\Users\wifik\Desktop\projects\larger-lab\nautilus\data\summary.json
[13:55:45] ============================================================
[13:55:45] STEP 1: DATA PREP
[13:55:45] ============================================================
[13:55:45] Found 27 CSV files
[13:55:45] Grouped into 22 symbol/timeframe combos:
[13:55:45]   AUDUSD_M1: 1 file(s)
[13:55:45]   AUDUSD_M5: 1 file(s)
[13:55:45]   CHFJPY_M1: 2 file(s)
[13:55:45]   CHFJPY_M5: 1 file(s)
[13:55:45]   DE30_M1: 1 file(s)
[13:55:45]   DE30_M5: 1 file(s)
[13:55:45]   EURUSD_M1: 1 file(s)
[13:55:45]   EURUSD_M5: 1 file(s)
[13:55:45]   FR40_M1: 1 file(s)
[13:55:45]   FR40_M5: 1 file(s)
[13:55:45]   GBPUSD_M1: 1 file(s)
[13:55:45]   GBPUSD_M5: 1 file(s)
[13:55:45]   NZDUSD_M1: 1 file(s)
[13:55:45]   NZDUSD_M5: 1 file(s)
[13:55:45]   US500_M1: 1 file(s)
[13:55:45]   US500_M5: 1 file(s)
[13:55:45]   USDCAD_M5: 1 file(s)
[13:55:45]   USDCHF_M1: 1 file(s)
[13:55:45]   USDCHF_M5: 1 file(s)
[13:55:45]   USDJPY_M1: 1 file(s)
[13:55:45]   USDJPY_M5: 1 file(s)
[13:55:45]   USTEC100_M1: 2 file(s)
[13:55:45] 
--- AUDUSD_M1 (1 files) ---
[13:55:50]   ✗ AUDUSD!_M1_202301020000_202605061253.csv: parse failed
[13:55:50]   SKIP: no valid data
[13:55:50] 
--- AUDUSD_M5 (1 files) ---
[13:55:50]   ✗ AUDUSD!_M5_202301020000_202605061250.csv: parse failed
[13:55:50]   SKIP: no valid data
[13:55:50] 
--- CHFJPY_M1 (2 files) ---
[13:55:55]   ✗ CHFJPY!_M1_202201030000_202605061253.csv: parse failed
[13:55:59]   ✗ CHFJPY!_M1_202301020000_202605061253.csv: parse failed
[13:55:59]   SKIP: no valid data
[13:55:59] 
--- CHFJPY_M5 (1 files) ---
[13:56:00]   ✗ CHFJPY!_M5_202201030000_202605061250.csv: parse failed
[13:56:00]   SKIP: no valid data
[13:56:00] 
--- DE30_M1 (1 files) ---
[13:56:04]   ✗ DE30_M1_202306120637_202604302259.csv: parse failed
[13:56:04]   SKIP: no valid data
[13:56:04] 
--- DE30_M5 (1 files) ---
[13:56:04]   ✗ DE30_M5_202301020200_202604302255.csv: parse failed
[13:56:04]   SKIP: no valid data
[13:56:04] 
--- EURUSD_M1 (1 files) ---
[13:56:08]   ✗ EURUSD!_M1_202301020000_202605061253.csv: parse failed
[13:56:08]   SKIP: no valid data
[13:56:08] 
--- EURUSD_M5 (1 files) ---
[13:56:09]   ✗ EURUSD!_M5_202301020000_202605061250.csv: parse failed
[13:56:09]   SKIP: no valid data
[13:56:09] 
--- FR40_M1 (1 files) ---
[13:56:12]   ✗ FR40_M1_202302060154_202604302259.csv: parse failed
[13:56:12]   SKIP: no valid data
[13:56:12] 
--- FR40_M5 (1 files) ---
[13:56:13]   ✗ FR40_M5_202301020900_202604302255.csv: parse failed
[13:56:13]   SKIP: no valid data
[13:56:13] 
--- GBPUSD_M1 (1 files) ---
[13:56:17]   ✗ GBPUSD!_M1_202301020000_202605061253.csv: parse failed
[13:56:17]   SKIP: no valid data
[13:56:17] 
--- GBPUSD_M5 (1 files) ---
[13:56:18]   ✗ GBPUSD!_M5_202301020000_202605061250.csv: parse failed
[13:56:18]   SKIP: no valid data
[13:56:18] 
--- NZDUSD_M1 (1 files) ---
[13:56:23]   ✗ NZDUSD!_M1_202301020000_202605061253.csv: parse failed
[13:56:23]   SKIP: no valid data
[13:56:23] 
--- NZDUSD_M5 (1 files) ---
[13:56:23]   ✗ NZDUSD!_M5_202301020000_202605061250.csv: parse failed
[13:56:23]   SKIP: no valid data
[13:56:23] 
--- US500_M1 (1 files) ---
[13:56:27]   ✗ US500_M1_202307050935_202605011039.csv: parse failed
[13:56:27]   SKIP: no valid data
[13:56:27] 
--- US500_M5 (1 files) ---
[13:56:28]   ✗ US500_M5_202301030100_202605011035.csv: parse failed
[13:56:28]   SKIP: no valid data
[13:56:28] 
--- USDCAD_M5 (1 files) ---
[13:56:29]   ✗ USDCAD!_M5_202301020000_202605061250.csv: parse failed
[13:56:29]   SKIP: no valid data
[13:56:29] 
--- USDCHF_M1 (1 files) ---
[13:56:33]   ✗ USDCHF!_M1_202301020000_202605061253.csv: parse failed
[13:56:33]   SKIP: no valid data
[13:56:33] 
--- USDCHF_M5 (1 files) ---
[13:56:34]   ✗ USDCHF!_M5_202301020000_202605061250.csv: parse failed
[13:56:34]   SKIP: no valid data
[13:56:34] 
--- USDJPY_M1 (1 files) ---
[13:56:38]   ✗ USDJPY!_M1_202301020000_202605061253.csv: parse failed
[13:56:38]   SKIP: no valid data
[13:56:38] 
--- USDJPY_M5 (1 files) ---
[13:56:39]   ✗ USDJPY!_M5_202301020000_202605061250.csv: parse failed
[13:56:39]   SKIP: no valid data
[13:56:39] 
--- USTEC100_M1 (2 files) ---
[13:56:42]   ✗ USTEC100_M1_202307112053_202605122359.csv: parse failed
[13:56:44]   ✗ USTEC100_M1_202501020100_202605122359.csv: parse failed
[13:56:44]   SKIP: no valid data
[13:56:44] 
============================================================
[13:56:44] DONE: 0 datasets prepared
[13:56:44] Summary: C:\Users\wifik\Desktop\projects\larger-lab\nautilus\data\summary.json
