[2026-05-16T20:38:48Z] [INFO] ============================================================
[2026-05-16T20:38:48Z] [INFO] Starting OC2 monitoring cycle
[2026-05-16T20:38:48Z] [INFO] Health: live ✓
[2026-05-16T20:38:49Z] [ERROR] Process: NOT RUNNING
[2026-05-16T20:38:49Z] [INFO] Sessions: 8 total, 0 stale
[2026-05-16T20:38:49Z] [WARN] Watchdog errors (recent): 3
[2026-05-16T20:38:49Z] [INFO]   [2026-05-16T20:04:55Z] OC2 restarted successfully (restart #1)
[2026-05-16T20:38:49Z] [INFO]   [2026-05-16T20:11:07Z] OC2 restarted successfully (restart #1)
[2026-05-16T20:38:49Z] [INFO]   [2026-05-16T20:12:13Z] OC2 restarted successfully (restart #2)
[2026-05-16T20:38:49Z] [WARN] Restart needed but --repair not specified
[2026-05-16T20:38:49Z] [INFO] Cycle complete: status=OK, action=restart
[2026-05-16T20:41:00Z] [INFO] ============================================================
[2026-05-16T20:41:00Z] [INFO] Starting OC2 monitoring cycle
[2026-05-16T20:41:00Z] [INFO] Health: live ✓
[2026-05-16T20:41:00Z] [INFO] Process: PID 1396, Memory: 319.3MB
[2026-05-16T20:41:00Z] [INFO] Sessions: 8 total, 0 stale
[2026-05-16T20:41:00Z] [WARN] Watchdog errors (recent): 3
[2026-05-16T20:41:00Z] [INFO]   [2026-05-16T20:04:55Z] OC2 restarted successfully (restart #1)
[2026-05-16T20:41:00Z] [INFO]   [2026-05-16T20:11:07Z] OC2 restarted successfully (restart #1)
[2026-05-16T20:41:00Z] [INFO]   [2026-05-16T20:12:13Z] OC2 restarted successfully (restart #2)
[2026-05-16T20:41:00Z] [INFO] Cycle complete: status=OK, action=none
[2026-05-16T21:06:41Z] [INFO] ============================================================
[2026-05-16T21:06:41Z] [INFO] Starting OC2 monitoring cycle
[2026-05-16T21:06:46Z] [ERROR] Health: DOWN — timed out
[2026-05-16T21:06:47Z] [INFO] Process: PID 20984, Memory: 571.1MB
[2026-05-16T21:06:47Z] [WARN] WARNING: Memory 571.1MB > 500MB
[2026-05-16T21:06:47Z] [INFO] Sessions: 10 total, 0 stale
[2026-05-16T21:06:47Z] [WARN] Watchdog errors (recent): 2
[2026-05-16T21:06:47Z] [INFO]   [2026-05-16T20:11:07Z] OC2 restarted successfully (restart #1)
[2026-05-16T21:06:47Z] [INFO]   [2026-05-16T20:12:13Z] OC2 restarted successfully (restart #2)
[2026-05-16T21:06:51Z] [INFO] Killed OC2 process
[2026-05-16T21:06:52Z] [INFO] OC2 started successfully (attempt 1s)
[2026-05-16T21:06:52Z] [INFO] Restart: SUCCESS
[2026-05-16T21:06:52Z] [INFO] Cycle complete: status=RECOVERED, action=restart
