[2026-05-16T21:10:02.312285+00:00] ============================================================
[2026-05-16T21:10:02.325990+00:00] Starting health check cycle...
[2026-05-16T21:11:40.122515+00:00] ============================================================
[2026-05-16T21:11:40.124536+00:00] Starting health check cycle...
[2026-05-16T21:11:40.198744+00:00] [OK] Gateway OK: live
[2026-05-16T21:11:42.571625+00:00] [OK] Workspace healthy
[2026-05-16T21:11:42.575703+00:00] Health check cycle complete
[2026-05-16T21:11:53.667596+00:00] ============================================================
[2026-05-16T21:11:53.671732+00:00] HERMES WATCHDOG STARTING
[2026-05-16T21:11:53.675427+00:00] Monitoring OWL gateway on port 18790
[2026-05-16T21:11:53.677195+00:00] Check interval: 300s
[2026-05-16T21:11:53.679188+00:00] Team chat: C:\Users\wifik\Desktop\projects\larger-lab\shared-conversations\team-chat.md
[2026-05-16T21:11:53.681193+00:00] ============================================================
[2026-05-16T21:11:53.683188+00:00] ============================================================
[2026-05-16T21:11:53.684710+00:00] Starting health check cycle...
[2026-05-16T21:11:53.739549+00:00] [OK] Gateway OK: live
[2026-05-16T21:11:55.291428+00:00] [OK] Workspace healthy
[2026-05-16T21:11:55.296917+00:00] Health check cycle complete
[2026-05-16T21:16:55.303914+00:00] ============================================================
[2026-05-16T21:16:55.303914+00:00] Starting health check cycle...
[2026-05-16T21:16:55.367128+00:00] [OK] Gateway OK: live
[2026-05-16T21:16:57.039323+00:00] [OK] Workspace healthy
[2026-05-16T21:16:57.044929+00:00] Health check cycle complete
[2026-05-16T21:21:57.054908+00:00] ============================================================
[2026-05-16T21:21:57.061900+00:00] Starting health check cycle...
[2026-05-16T21:21:57.110720+00:00] [OK] Gateway OK: live
[2026-05-16T21:21:58.962663+00:00] [OK] Workspace healthy
[2026-05-16T21:21:58.966674+00:00] Health check cycle complete
[2026-05-16T21:25:22.296496+00:00] ============================================================
[2026-05-16T21:25:22.298481+00:00] Starting health check cycle...
[2026-05-16T21:25:22.411403+00:00] [OK] Gateway OK: live
[2026-05-16T21:25:24.475488+00:00] [OK] Workspace healthy
[2026-05-16T21:25:24.478486+00:00] Health check cycle complete
[2026-05-16T21:25:39.123296+00:00] ============================================================
[2026-05-16T21:25:39.124306+00:00] HERMES WATCHDOG STARTING
[2026-05-16T21:25:39.124306+00:00] Monitoring OWL gateway on port 18790
[2026-05-16T21:25:39.125308+00:00] Check interval: 300s
[2026-05-16T21:25:39.126310+00:00] Team chat: C:\Users\wifik\Desktop\projects\larger-lab\shared-conversations\team-chat.md
[2026-05-16T21:25:39.127308+00:00] ============================================================
[2026-05-16T21:25:39.129310+00:00] ============================================================
[2026-05-16T21:25:39.130309+00:00] Starting health check cycle...
[2026-05-16T21:25:39.168322+00:00] [OK] Gateway OK: live
[2026-05-16T21:25:40.498223+00:00] [OK] Workspace healthy
[2026-05-16T21:25:40.502224+00:00] Health check cycle complete
[2026-05-16T21:26:58.974669+00:00] ============================================================
[2026-05-16T21:26:58.986666+00:00] Starting health check cycle...
[2026-05-16T21:26:59.084305+00:00] [OK] Gateway OK: live
[2026-05-16T21:27:02.033888+00:00] [OK] Workspace healthy
[2026-05-16T21:27:02.041892+00:00] Health check cycle complete
