[2026-05-16T17:59:33Z] ============================================================
[2026-05-16T17:59:33Z] OC2 Watchdog started
[2026-05-16T17:59:33Z] Health URL: http://127.0.0.1:18790/health
[2026-05-16T17:59:33Z] Check interval: 60s
[2026-05-16T17:59:33Z] OpenClaw Home: C:\Users\wifik\Desktop\projects\larger-lab\.openclaw-2
[2026-05-16T17:59:33Z] ============================================================
[2026-05-16T17:59:33Z] OC2 OK (PID None)
[2026-05-16T18:00:34Z] OC2 OK (PID None)
[2026-05-16T18:01:34Z] OC2 OK (PID None)
[2026-05-16T18:02:34Z] OC2 OK (PID None)
[2026-05-16T18:03:35Z] OC2 OK (PID None)
[2026-05-16T18:04:35Z] OC2 OK (PID None)
[2026-05-16T18:05:36Z] OC2 OK (PID None)
[2026-05-16T18:06:36Z] OC2 OK (PID None)
[2026-05-16T18:07:37Z] OC2 OK (PID None)
[2026-05-16T18:08:37Z] OC2 OK (PID None)
[2026-05-16T18:09:38Z] OC2 OK (PID None)
[2026-05-16T18:10:40Z] OC2 UNHEALTHY — checking if process exists...
[2026-05-16T18:10:40Z] Starting OC2 Gateway...
[2026-05-16T18:11:01Z] OC2 Gateway started successfully (attempt 6s)
[2026-05-16T18:11:01Z] OC2 restarted successfully (restart #1)
[2026-05-16T18:12:02Z] OC2 OK (PID None)
[2026-05-16T18:13:02Z] OC2 OK (PID None)
[2026-05-16T18:14:03Z] OC2 OK (PID None)
[2026-05-16T18:15:04Z] OC2 OK (PID None)
[2026-05-16T18:16:04Z] OC2 OK (PID None)
[2026-05-16T18:17:04Z] OC2 OK (PID None)
[2026-05-16T18:18:05Z] OC2 OK (PID None)
[2026-05-16T18:19:05Z] OC2 OK (PID None)
[2026-05-16T18:20:06Z] OC2 OK (PID None)
