[2026-05-16 01:15:07 UTC] === Cycle Start | Phase: PHASE_4 ===
[2026-05-16 01:15:07 UTC] Running tests...
[2026-05-16 01:15:09 UTC]   All tests PASSING
[2026-05-16 01:15:09 UTC] Checking AS progress...
[2026-05-16 01:15:09 UTC]   AS latest: 🟡 [AS] 2026-05-16 01:00:00Z — Book 2 Integration: Phase 3-5 Updated Architecture
- Read and analyzed...
[2026-05-16 01:15:09 UTC]   Recent files: 10
[2026-05-16 01:15:09 UTC] Running progress sync...
[2026-05-16 01:15:10 UTC]   Sync OK
[2026-05-16 01:15:10 UTC] === Cycle Complete ===

[2026-05-16 01:16:36 UTC] CC Workflow Engine started. Interval: 120s
[2026-05-16 01:16:36 UTC] Working dir: C:\Users\wifik\Desktop\projects\larger-lab
[2026-05-16 01:16:36 UTC] === Cycle Start | Phase: PHASE_4 ===
[2026-05-16 01:16:36 UTC] Running tests...
[2026-05-16 01:16:41 UTC]   All tests PASSING
[2026-05-16 01:16:41 UTC] Checking AS progress...
[2026-05-16 01:16:41 UTC]   AS latest: 🟡 [AS] 2026-05-16 01:00:00Z — Book 2 Integration: Phase 3-5 Updated Architecture
- Read and analyzed...
[2026-05-16 01:16:41 UTC]   Recent files: 10
[2026-05-16 01:16:41 UTC] Running progress sync...
[2026-05-16 01:16:41 UTC]   Sync OK
[2026-05-16 01:16:42 UTC] === Cycle Complete ===

[2026-05-16 01:16:42 UTC] Sleeping 120s...
[2026-05-16 01:18:42 UTC] === Cycle Start | Phase: PHASE_4 ===
[2026-05-16 01:18:42 UTC] Running tests...
[2026-05-16 01:18:45 UTC]   All tests PASSING
[2026-05-16 01:18:45 UTC] Checking AS progress...
[2026-05-16 01:18:45 UTC]   AS latest: 🟡 [AS] 2026-05-16 01:00:00Z — Book 2 Integration: Phase 3-5 Updated Architecture
- Read and analyzed...
[2026-05-16 01:18:45 UTC]   Recent files: 10
[2026-05-16 01:18:45 UTC] Running progress sync...
[2026-05-16 01:18:46 UTC]   Sync OK
[2026-05-16 01:18:47 UTC] === Cycle Complete ===

[2026-05-16 01:18:47 UTC] Sleeping 120s...
[2026-05-16 01:20:47 UTC] === Cycle Start | Phase: PHASE_4 ===
[2026-05-16 01:20:47 UTC] Running tests...
[2026-05-16 01:20:57 UTC]   All tests PASSING
[2026-05-16 01:20:57 UTC] Checking AS progress...
[2026-05-16 01:20:57 UTC]   AS latest: 🟡 [AS] 2026-05-16 01:00:00Z — Book 2 Integration: Phase 3-5 Updated Architecture
- Read and analyzed...
[2026-05-16 01:20:57 UTC]   Recent files: 10
[2026-05-16 01:20:57 UTC] Running progress sync...
[2026-05-16 01:20:58 UTC]   Sync OK
[2026-05-16 01:20:59 UTC] === Cycle Complete ===

[2026-05-16 01:20:59 UTC] Sleeping 120s...
[2026-05-16 01:22:59 UTC] === Cycle Start | Phase: PHASE_4 ===
[2026-05-16 01:22:59 UTC] Running tests...
[2026-05-16 01:23:02 UTC]   All tests PASSING
[2026-05-16 01:23:02 UTC] Checking AS progress...
[2026-05-16 01:23:02 UTC]   AS latest: 🟡 [AS] 2026-05-16 01:00:00Z — Book 2 Integration: Phase 3-5 Updated Architecture
- Read and analyzed...
[2026-05-16 01:23:02 UTC]   Recent files: 10
[2026-05-16 01:23:02 UTC] Running progress sync...
[2026-05-16 01:23:03 UTC]   Sync OK
[2026-05-16 01:23:03 UTC] === Cycle Complete ===

[2026-05-16 01:23:03 UTC] Sleeping 120s...
[2026-05-16 01:25:03 UTC] === Cycle Start | Phase: PHASE_4 ===
[2026-05-16 01:25:03 UTC] Running tests...
[2026-05-16 01:25:06 UTC]   All tests PASSING
[2026-05-16 01:25:06 UTC] Checking AS progress...
[2026-05-16 01:25:06 UTC]   AS latest: 🟡 [AS] 2026-05-16 01:00:00Z — Book 2 Integration: Phase 3-5 Updated Architecture
- Read and analyzed...
[2026-05-16 01:25:06 UTC]   Recent files: 10
[2026-05-16 01:25:06 UTC] Running progress sync...
[2026-05-16 01:25:06 UTC]   Sync OK
[2026-05-16 01:25:06 UTC] === Cycle Complete ===

[2026-05-16 01:25:06 UTC] Sleeping 120s...
[2026-05-16 01:27:06 UTC] === Cycle Start | Phase: PHASE_4 ===
[2026-05-16 01:27:06 UTC] Running tests...
[2026-05-16 01:27:13 UTC]   All tests PASSING
[2026-05-16 01:27:13 UTC] Checking AS progress...
[2026-05-16 01:27:13 UTC]   AS latest: 🟡 [AS] 2026-05-16 01:00:00Z — Book 2 Integration: Phase 3-5 Updated Architecture
- Read and analyzed...
[2026-05-16 01:27:13 UTC]   Recent files: 10
[2026-05-16 01:27:13 UTC] Running progress sync...
[2026-05-16 01:27:13 UTC]   Sync OK
[2026-05-16 01:27:14 UTC] === Cycle Complete ===

[2026-05-16 01:27:14 UTC] Sleeping 120s...
