[2026-05-15 22:18:16 UTC] ==================================================
[2026-05-15 22:18:16 UTC] Workflow Cycle Starting
[2026-05-15 22:19:04 UTC] ==================================================
[2026-05-15 22:19:04 UTC] Workflow Cycle Starting
[2026-05-15 22:19:04 UTC]   📍 Current phase: PHASE_2
[2026-05-15 22:19:04 UTC]   📋 Pending tasks: 1 (CC:0 OC:0 HR:0)
[2026-05-15 22:19:05 UTC]   ❌ Progress sync failed: Traceback (most recent call last):
  File "C:\Users\wifik\Desktop\projects\larger-lab\tools\progress-sync.py", line 529, in <module>
    main()
  File "C:\Users\wifik\Desktop\projects\larger-lab\tools
[2026-05-15 22:19:05 UTC] Workflow Cycle Complete
[2026-05-15 22:19:05 UTC] 
[2026-05-15 22:20:26 UTC] ==================================================
[2026-05-15 22:20:26 UTC] Workflow Cycle Starting
[2026-05-15 22:20:26 UTC]   📍 Current phase: PHASE_2
[2026-05-15 22:20:26 UTC]   📋 Pending tasks: 1 (CC:0 OC:0 HR:0)
[2026-05-15 22:20:26 UTC]   ❌ Progress sync failed: Traceback (most recent call last):
  File "C:\Users\wifik\Desktop\projects\larger-lab\tools\progress-sync.py", line 529, in <module>
    main()
  File "C:\Users\wifik\Desktop\projects\larger-lab\tools
[2026-05-15 22:20:27 UTC]   ❌ CODEMAP update failed: Traceback (most recent call last):
  File "C:\Users\wifik\Desktop\projects\larger-lab\tools\codemap-updater.py", line 336, in <module>
    main()
  File "C:\Users\wifik\Desktop\projects\larger-lab\too
[2026-05-15 22:20:27 UTC] Workflow Cycle Complete
[2026-05-15 22:20:27 UTC] 
[2026-05-15 22:23:01 UTC] ==================================================
[2026-05-15 22:23:01 UTC] Workflow Cycle Starting
[2026-05-15 22:23:01 UTC]   📍 Current phase: PHASE_2
[2026-05-15 22:23:01 UTC]   📋 Pending tasks: 1 (CC:0 OC:0 HR:0)
[2026-05-15 22:23:01 UTC]   ✅ Progress sync OK
[2026-05-15 22:23:01 UTC] Workflow Cycle Complete
[2026-05-15 22:23:01 UTC] 
