2026-05-16 12:27:54,588 [INFO] ============================================================
2026-05-16 12:27:54,588 [INFO] Content Farm — Unified Crawler
2026-05-16 12:27:54,588 [INFO]   platform : douyin
2026-05-16 12:27:54,588 [INFO]   keywords : 健身教程
2026-05-16 12:27:54,588 [INFO]   limit    : 5
2026-05-16 12:27:54,588 [INFO]   backend  : (auto)
2026-05-16 12:27:54,588 [INFO]   dry_run  : True
2026-05-16 12:27:54,588 [INFO] ============================================================
2026-05-16 12:27:54,588 [INFO] === MediaCrawler  platform=douyin  keywords=健身教程  limit=5 ===
2026-05-16 12:27:54,588 [INFO] ============================================================
2026-05-16 12:27:54,588 [INFO] Content Farm — Unified Crawler
2026-05-16 12:27:54,588 [INFO]   platform : xiaohongshu
2026-05-16 12:27:54,588 [INFO]   keywords : 美食
2026-05-16 12:27:54,588 [INFO]   limit    : 3
2026-05-16 12:27:54,588 [INFO]   backend  : spider_xhs
2026-05-16 12:27:54,588 [INFO]   dry_run  : True
2026-05-16 12:27:54,588 [INFO] CMD: uv run main.py --platform dy --lt qrcode --type search --keywords 健身教程 --start 1 --get_comment true --save_data_option json  cwd=C:\Users\wifik\Desktop\projects\larger-lab\MediaCrawler
2026-05-16 12:27:54,588 [INFO] [DRY RUN] skipping execution
2026-05-16 12:27:54,598 [INFO] ============================================================
2026-05-16 12:27:54,598 [INFO] Done.  Output dirs: ['C:\\Users\\wifik\\Desktop\\projects\\larger-lab\\content-farm\\output\\2026-05-16\\media_crawler_douyin']
2026-05-16 12:27:54,598 [INFO] Summary : C:\Users\wifik\Desktop\projects\larger-lab\content-farm\logs\summary_20260516_122754.json
2026-05-16 12:27:54,598 [INFO] Log     : C:\Users\wifik\Desktop\projects\larger-lab\content-farm\logs\crawler_20260516_122754.log
2026-05-16 12:27:54,598 [INFO] Elapsed : 0.0 s
2026-05-16 12:27:54,598 [INFO] ============================================================
2026-05-16 12:27:54,599 [INFO] CMD: C:\Users\wifik\AppData\Local\Programs\Python\Python311\python.exe C:\Users\wifik\Desktop\projects\larger-lab\Spider_XHS\_farm_runner.py  cwd=C:\Users\wifik\Desktop\projects\larger-lab\Spider_XHS
2026-05-16 12:27:54,599 [INFO] [DRY RUN] skipping execution
2026-05-16 12:27:54,601 [INFO] ============================================================
2026-05-16 12:27:54,603 [INFO] Done.  Output dirs: ['C:\\Users\\wifik\\Desktop\\projects\\larger-lab\\content-farm\\output\\2026-05-16\\spider_xhs_xiaohongshu']
2026-05-16 12:27:54,603 [INFO] Summary : C:\Users\wifik\Desktop\projects\larger-lab\content-farm\logs\summary_20260516_122754.json
2026-05-16 12:27:54,603 [INFO] Log     : C:\Users\wifik\Desktop\projects\larger-lab\content-farm\logs\crawler_20260516_122754.log
2026-05-16 12:27:54,603 [INFO] Elapsed : 0.0 s
2026-05-16 12:27:54,603 [INFO] ============================================================
2026-05-16 12:27:54,618 [INFO] ============================================================
2026-05-16 12:27:54,618 [INFO] Content Farm — Unified Crawler
2026-05-16 12:27:54,618 [INFO]   platform : all
2026-05-16 12:27:54,618 [INFO]   keywords : (from config)
2026-05-16 12:27:54,618 [INFO]   limit    : 2
2026-05-16 12:27:54,618 [INFO]   backend  : (auto)
2026-05-16 12:27:54,618 [INFO]   dry_run  : True
2026-05-16 12:27:54,618 [INFO] ============================================================
2026-05-16 12:27:54,618 [INFO] === MediaCrawler  platform=douyin  keywords=健身教程, 美食制作, 科技数码, 生活技巧, 财经知识  limit=2 ===
2026-05-16 12:27:54,618 [INFO] CMD: uv run main.py --platform dy --lt qrcode --type search --keywords 健身教程, 美食制作, 科技数码, 生活技巧, 财经知识 --start 1 --get_comment true --save_data_option json  cwd=C:\Users\wifik\Desktop\projects\larger-lab\MediaCrawler
2026-05-16 12:27:54,618 [INFO] [DRY RUN] skipping execution
2026-05-16 12:27:54,632 [INFO] === MediaCrawler  platform=xiaohongshu  keywords=健身, 美食, 科技, 生活方式, 理财  limit=2 ===
2026-05-16 12:27:54,633 [INFO] CMD: uv run main.py --platform xhs --lt qrcode --type search --keywords 健身, 美食, 科技, 生活方式, 理财 --start 1 --get_comment true --save_data_option json  cwd=C:\Users\wifik\Desktop\projects\larger-lab\MediaCrawler
2026-05-16 12:27:54,635 [INFO] [DRY RUN] skipping execution
2026-05-16 12:27:54,637 [INFO] === MediaCrawler  platform=kuaishou  keywords=健身, 美食, 科技  limit=2 ===
2026-05-16 12:27:54,639 [INFO] CMD: uv run main.py --platform ks --lt qrcode --type search --keywords 健身, 美食, 科技 --start 1 --get_comment true --save_data_option json  cwd=C:\Users\wifik\Desktop\projects\larger-lab\MediaCrawler
2026-05-16 12:27:54,639 [INFO] [DRY RUN] skipping execution
2026-05-16 12:27:54,639 [INFO] ============================================================
2026-05-16 12:27:54,641 [INFO] Done.  Output dirs: ['C:\\Users\\wifik\\Desktop\\projects\\larger-lab\\content-farm\\output\\2026-05-16\\media_crawler_douyin', 'C:\\Users\\wifik\\Desktop\\projects\\larger-lab\\content-farm\\output\\2026-05-16\\media_crawler_xiaohongshu', 'C:\\Users\\wifik\\Desktop\\projects\\larger-lab\\content-farm\\output\\2026-05-16\\media_crawler_kuaishou']
2026-05-16 12:27:54,641 [INFO] Summary : C:\Users\wifik\Desktop\projects\larger-lab\content-farm\logs\summary_20260516_122754.json
2026-05-16 12:27:54,641 [INFO] Log     : C:\Users\wifik\Desktop\projects\larger-lab\content-farm\logs\crawler_20260516_122754.log
2026-05-16 12:27:54,641 [INFO] Elapsed : 0.0 s
2026-05-16 12:27:54,641 [INFO] ============================================================
